// Jest Snapshot v1, https://goo.gl/fbAQLP

exports[`Submenu component Matches the snapshot 1`] = `<div />`;
